2025-08-27 17:14:24 | ENTRY | QUERY=userId=2&type=company
2025-08-27 17:14:24 | SQLSTATE[42S22]: Column not found: 1054 Unknown column 's.email' in 'field list' | Trace: #0 C:\xampp\htdocs\InternBackend\admin\models\admin.php(74): PDOStatement->execute(Array)
#1 C:\xampp\htdocs\InternBackend\admin\api\report_details.php(39): Admin->getReportsForCompanyUser(2)
#2 {main}
Buffer:


2025-08-27 17:14:25 | ENTRY | QUERY=userId=2&type=company
2025-08-27 17:14:25 | SQLSTATE[42S22]: Column not found: 1054 Unknown column 's.email' in 'field list' | Trace: #0 C:\xampp\htdocs\InternBackend\admin\models\admin.php(74): PDOStatement->execute(Array)
#1 C:\xampp\htdocs\InternBackend\admin\api\report_details.php(39): Admin->getReportsForCompanyUser(2)
#2 {main}
Buffer:


2025-08-27 17:14:25 | ENTRY | QUERY=userId=2&type=company
2025-08-27 17:14:25 | SQLSTATE[42S22]: Column not found: 1054 Unknown column 's.email' in 'field list' | Trace: #0 C:\xampp\htdocs\InternBackend\admin\models\admin.php(74): PDOStatement->execute(Array)
#1 C:\xampp\htdocs\InternBackend\admin\api\report_details.php(39): Admin->getReportsForCompanyUser(2)
#2 {main}
Buffer:


2025-08-27 17:14:25 | ENTRY | QUERY=userId=2&type=company
2025-08-27 17:14:25 | SQLSTATE[42S22]: Column not found: 1054 Unknown column 's.email' in 'field list' | Trace: #0 C:\xampp\htdocs\InternBackend\admin\models\admin.php(74): PDOStatement->execute(Array)
#1 C:\xampp\htdocs\InternBackend\admin\api\report_details.php(39): Admin->getReportsForCompanyUser(2)
#2 {main}
Buffer:


2025-08-27 17:14:25 | ENTRY | QUERY=userId=2&type=company
2025-08-27 17:14:25 | SQLSTATE[42S22]: Column not found: 1054 Unknown column 's.email' in 'field list' | Trace: #0 C:\xampp\htdocs\InternBackend\admin\models\admin.php(74): PDOStatement->execute(Array)
#1 C:\xampp\htdocs\InternBackend\admin\api\report_details.php(39): Admin->getReportsForCompanyUser(2)
#2 {main}
Buffer:


2025-08-27 17:14:25 | ENTRY | QUERY=userId=2&type=company
2025-08-27 17:14:25 | SQLSTATE[42S22]: Column not found: 1054 Unknown column 's.email' in 'field list' | Trace: #0 C:\xampp\htdocs\InternBackend\admin\models\admin.php(74): PDOStatement->execute(Array)
#1 C:\xampp\htdocs\InternBackend\admin\api\report_details.php(39): Admin->getReportsForCompanyUser(2)
#2 {main}
Buffer:


2025-08-27 17:14:25 | ENTRY | QUERY=userId=2&type=company
2025-08-27 17:14:25 | SQLSTATE[42S22]: Column not found: 1054 Unknown column 's.email' in 'field list' | Trace: #0 C:\xampp\htdocs\InternBackend\admin\models\admin.php(74): PDOStatement->execute(Array)
#1 C:\xampp\htdocs\InternBackend\admin\api\report_details.php(39): Admin->getReportsForCompanyUser(2)
#2 {main}
Buffer:


2025-08-27 17:14:26 | ENTRY | QUERY=userId=2&type=company
2025-08-27 17:14:26 | SQLSTATE[42S22]: Column not found: 1054 Unknown column 's.email' in 'field list' | Trace: #0 C:\xampp\htdocs\InternBackend\admin\models\admin.php(74): PDOStatement->execute(Array)
#1 C:\xampp\htdocs\InternBackend\admin\api\report_details.php(39): Admin->getReportsForCompanyUser(2)
#2 {main}
Buffer:


2025-08-27 17:14:27 | ENTRY | QUERY=userId=2&type=company
2025-08-27 17:14:27 | SQLSTATE[42S22]: Column not found: 1054 Unknown column 's.email' in 'field list' | Trace: #0 C:\xampp\htdocs\InternBackend\admin\models\admin.php(74): PDOStatement->execute(Array)
#1 C:\xampp\htdocs\InternBackend\admin\api\report_details.php(39): Admin->getReportsForCompanyUser(2)
#2 {main}
Buffer:


2025-08-27 17:14:27 | ENTRY | QUERY=userId=2&type=company
2025-08-27 17:14:27 | SQLSTATE[42S22]: Column not found: 1054 Unknown column 's.email' in 'field list' | Trace: #0 C:\xampp\htdocs\InternBackend\admin\models\admin.php(74): PDOStatement->execute(Array)
#1 C:\xampp\htdocs\InternBackend\admin\api\report_details.php(39): Admin->getReportsForCompanyUser(2)
#2 {main}
Buffer:


2025-08-27 17:14:27 | ENTRY | QUERY=userId=2&type=company
2025-08-27 17:14:28 | SQLSTATE[42S22]: Column not found: 1054 Unknown column 's.email' in 'field list' | Trace: #0 C:\xampp\htdocs\InternBackend\admin\models\admin.php(74): PDOStatement->execute(Array)
#1 C:\xampp\htdocs\InternBackend\admin\api\report_details.php(39): Admin->getReportsForCompanyUser(2)
#2 {main}
Buffer:


2025-08-27 17:14:30 | ENTRY | QUERY=userId=17&type=student
2025-08-27 17:14:30 | ENTRY | QUERY=userId=17&type=student
2025-08-27 17:14:31 | ENTRY | QUERY=userId=17&type=student
2025-08-27 17:14:31 | ENTRY | QUERY=userId=17&type=student
2025-08-27 17:14:31 | ENTRY | QUERY=userId=17&type=student
2025-08-27 17:14:31 | ENTRY | QUERY=userId=17&type=student
2025-08-27 17:14:31 | ENTRY | QUERY=userId=17&type=student
2025-08-27 17:14:34 | ENTRY | QUERY=userId=2&type=company
2025-08-27 17:14:35 | SQLSTATE[42S22]: Column not found: 1054 Unknown column 's.email' in 'field list' | Trace: #0 C:\xampp\htdocs\InternBackend\admin\models\admin.php(74): PDOStatement->execute(Array)
#1 C:\xampp\htdocs\InternBackend\admin\api\report_details.php(39): Admin->getReportsForCompanyUser(2)
#2 {main}
Buffer:


2025-08-27 17:14:35 | ENTRY | QUERY=userId=2&type=company
2025-08-27 17:14:35 | SQLSTATE[42S22]: Column not found: 1054 Unknown column 's.email' in 'field list' | Trace: #0 C:\xampp\htdocs\InternBackend\admin\models\admin.php(74): PDOStatement->execute(Array)
#1 C:\xampp\htdocs\InternBackend\admin\api\report_details.php(39): Admin->getReportsForCompanyUser(2)
#2 {main}
Buffer:


2025-08-27 17:14:35 | ENTRY | QUERY=userId=2&type=company
2025-08-27 17:14:35 | SQLSTATE[42S22]: Column not found: 1054 Unknown column 's.email' in 'field list' | Trace: #0 C:\xampp\htdocs\InternBackend\admin\models\admin.php(74): PDOStatement->execute(Array)
#1 C:\xampp\htdocs\InternBackend\admin\api\report_details.php(39): Admin->getReportsForCompanyUser(2)
#2 {main}
Buffer:


2025-08-27 17:14:35 | ENTRY | QUERY=userId=2&type=company
2025-08-27 17:14:35 | SQLSTATE[42S22]: Column not found: 1054 Unknown column 's.email' in 'field list' | Trace: #0 C:\xampp\htdocs\InternBackend\admin\models\admin.php(74): PDOStatement->execute(Array)
#1 C:\xampp\htdocs\InternBackend\admin\api\report_details.php(39): Admin->getReportsForCompanyUser(2)
#2 {main}
Buffer:


2025-08-27 17:14:35 | ENTRY | QUERY=userId=2&type=company
2025-08-27 17:14:35 | SQLSTATE[42S22]: Column not found: 1054 Unknown column 's.email' in 'field list' | Trace: #0 C:\xampp\htdocs\InternBackend\admin\models\admin.php(74): PDOStatement->execute(Array)
#1 C:\xampp\htdocs\InternBackend\admin\api\report_details.php(39): Admin->getReportsForCompanyUser(2)
#2 {main}
Buffer:


2025-08-27 17:14:35 | ENTRY | QUERY=userId=2&type=company
2025-08-27 17:14:35 | SQLSTATE[42S22]: Column not found: 1054 Unknown column 's.email' in 'field list' | Trace: #0 C:\xampp\htdocs\InternBackend\admin\models\admin.php(74): PDOStatement->execute(Array)
#1 C:\xampp\htdocs\InternBackend\admin\api\report_details.php(39): Admin->getReportsForCompanyUser(2)
#2 {main}
Buffer:


2025-08-27 17:14:36 | ENTRY | QUERY=userId=2&type=company
2025-08-27 17:14:36 | SQLSTATE[42S22]: Column not found: 1054 Unknown column 's.email' in 'field list' | Trace: #0 C:\xampp\htdocs\InternBackend\admin\models\admin.php(74): PDOStatement->execute(Array)
#1 C:\xampp\htdocs\InternBackend\admin\api\report_details.php(39): Admin->getReportsForCompanyUser(2)
#2 {main}
Buffer:


2025-08-27 17:14:36 | ENTRY | QUERY=userId=2&type=company
2025-08-27 17:14:36 | SQLSTATE[42S22]: Column not found: 1054 Unknown column 's.email' in 'field list' | Trace: #0 C:\xampp\htdocs\InternBackend\admin\models\admin.php(74): PDOStatement->execute(Array)
#1 C:\xampp\htdocs\InternBackend\admin\api\report_details.php(39): Admin->getReportsForCompanyUser(2)
#2 {main}
Buffer:


2025-08-27 17:14:36 | ENTRY | QUERY=userId=2&type=company
2025-08-27 17:14:36 | SQLSTATE[42S22]: Column not found: 1054 Unknown column 's.email' in 'field list' | Trace: #0 C:\xampp\htdocs\InternBackend\admin\models\admin.php(74): PDOStatement->execute(Array)
#1 C:\xampp\htdocs\InternBackend\admin\api\report_details.php(39): Admin->getReportsForCompanyUser(2)
#2 {main}
Buffer:


2025-08-27 17:14:37 | ENTRY | QUERY=userId=2&type=company
2025-08-27 17:14:37 | SQLSTATE[42S22]: Column not found: 1054 Unknown column 's.email' in 'field list' | Trace: #0 C:\xampp\htdocs\InternBackend\admin\models\admin.php(74): PDOStatement->execute(Array)
#1 C:\xampp\htdocs\InternBackend\admin\api\report_details.php(39): Admin->getReportsForCompanyUser(2)
#2 {main}
Buffer:


2025-08-27 17:14:37 | ENTRY | QUERY=userId=2&type=company
2025-08-27 17:14:37 | SQLSTATE[42S22]: Column not found: 1054 Unknown column 's.email' in 'field list' | Trace: #0 C:\xampp\htdocs\InternBackend\admin\models\admin.php(74): PDOStatement->execute(Array)
#1 C:\xampp\htdocs\InternBackend\admin\api\report_details.php(39): Admin->getReportsForCompanyUser(2)
#2 {main}
Buffer:


