2025-08-27T18:00:42+02:00 - SQLSTATE[42S22]: Column not found: 1054 Unknown column 's.email' in 'field list'
2025-08-27T18:00:42+02:00 - SQLSTATE[42S22]: Column not found: 1054 Unknown column 's.email' in 'field list'
2025-08-27T18:00:43+02:00 - SQLSTATE[42S22]: Column not found: 1054 Unknown column 's.email' in 'field list'
2025-08-27T18:00:51+02:00 - SQLSTATE[42S22]: Column not found: 1054 Unknown column 's.email' in 'field list'
2025-08-27T18:01:00+02:00 - SQLSTATE[42S22]: Column not found: 1054 Unknown column 's.email' in 'field list'
2025-08-27T18:02:04+02:00 - SQLSTATE[42S22]: Column not found: 1054 Unknown column 's.email' in 'field list'
2025-08-27T18:02:04+02:00 - SQLSTATE[42S22]: Column not found: 1054 Unknown column 's.email' in 'field list'
2025-08-27T18:02:05+02:00 - SQLSTATE[42S22]: Column not found: 1054 Unknown column 's.email' in 'field list'
2025-08-27T18:02:05+02:00 - SQLSTATE[42S22]: Column not found: 1054 Unknown column 's.email' in 'field list'
2025-08-27T18:02:05+02:00 - SQLSTATE[42S22]: Column not found: 1054 Unknown column 's.email' in 'field list'
2025-08-27T18:02:05+02:00 - SQLSTATE[42S22]: Column not found: 1054 Unknown column 's.email' in 'field list'
2025-08-27T18:02:05+02:00 - SQLSTATE[42S22]: Column not found: 1054 Unknown column 's.email' in 'field list'
2025-08-27T18:02:05+02:00 - SQLSTATE[42S22]: Column not found: 1054 Unknown column 's.email' in 'field list'
2025-08-27T18:02:06+02:00 - SQLSTATE[42S22]: Column not found: 1054 Unknown column 's.email' in 'field list'
2025-08-27T18:02:06+02:00 - SQLSTATE[42S22]: Column not found: 1054 Unknown column 's.email' in 'field list'
2025-08-27T18:02:06+02:00 - SQLSTATE[42S22]: Column not found: 1054 Unknown column 's.email' in 'field list'
2025-08-27T18:02:23+02:00 - SQLSTATE[42S22]: Column not found: 1054 Unknown column 's.email' in 'field list'
2025-08-27T18:02:55+02:00 - SQLSTATE[42S22]: Column not found: 1054 Unknown column 's.email' in 'field list'
2025-08-27T18:02:56+02:00 - SQLSTATE[42S22]: Column not found: 1054 Unknown column 's.email' in 'field list'
2025-08-27T18:02:56+02:00 - SQLSTATE[42S22]: Column not found: 1054 Unknown column 's.email' in 'field list'
2025-08-27T18:02:56+02:00 - SQLSTATE[42S22]: Column not found: 1054 Unknown column 's.email' in 'field list'
2025-08-27T18:02:57+02:00 - SQLSTATE[42S22]: Column not found: 1054 Unknown column 's.email' in 'field list'
2025-08-27T18:02:57+02:00 - SQLSTATE[42S22]: Column not found: 1054 Unknown column 's.email' in 'field list'
2025-08-27T18:02:57+02:00 - SQLSTATE[42S22]: Column not found: 1054 Unknown column 's.email' in 'field list'
2025-08-27T18:03:17+02:00 - SQLSTATE[42S22]: Column not found: 1054 Unknown column 's.email' in 'field list'
2025-08-27T18:28:04+02:00 - SQLSTATE[42S22]: Column not found: 1054 Unknown column 's.email' in 'field list'
2025-08-27T18:29:17+02:00 - SQLSTATE[42S22]: Column not found: 1054 Unknown column 's.email' in 'field list'
2025-08-27T21:35:22+02:00 - REQUEST from ::1
POST={"id":"27"}
SESSION={"LAST_ACTIVITY":1756323322}
2025-08-27T21:41:22+02:00 - REQUEST from ::1
POST={"id":"27"}
SESSION={"LAST_ACTIVITY":1756323682}
2025-08-27T21:44:45+02:00 - REQUEST from ::1
POST={"id":"27"}
SESSION={"LAST_ACTIVITY":1756323885}
2025-08-27T22:13:11+02:00 - REQUEST from ::1
POST={"id":"27","dev":"1","user_id":"2","role":"company"}
SESSION={"LAST_ACTIVITY":1756325591}
2025-08-27T22:13:11+02:00 - delete id=27 insufficient_permissions role=
2025-08-27T22:16:31+02:00 - REQUEST from ::1
POST={"id":"27","dev":"1","user_id":"2","role":"company"}
SESSION={"LAST_ACTIVITY":1756325791}
2025-08-27T22:16:31+02:00 - DEBUG session_has_identity=0 isDevFallback=1 post_role=company post_company= post_user_id=2 POST_RAW={"id":"27","dev":"1","user_id":"2","role":"company"} SESSION_RAW={"LAST_ACTIVITY":1756325791}
2025-08-27T22:16:31+02:00 - Dev fallback used role=company company= post_user_id=2
2025-08-27T22:16:31+02:00 - COMPANY delete id=27 failed_missing_company
2025-08-27T22:18:12+02:00 - REQUEST from ::1
POST={"id":"27","dev":"1","user_id":"2","role":"company","company_id":"1"}
SESSION={"LAST_ACTIVITY":1756325892}
2025-08-27T22:18:12+02:00 - DEBUG session_has_identity=0 isDevFallback=1 post_role=company post_company=1 post_user_id=2 POST_RAW={"id":"27","dev":"1","user_id":"2","role":"company","company_id":"1"} SESSION_RAW={"LAST_ACTIVITY":1756325892}
2025-08-27T22:18:12+02:00 - Dev fallback used role=company company=1 post_user_id=2
2025-08-27T22:18:12+02:00 - COMPANY direct delete id=27 company=1 affected=1
2025-08-27T22:22:53+02:00 - REQUEST from ::1
POST={"id":"26","dev":"1","user_id":"2","role":"company","company_id":"1"}
SESSION={"LAST_ACTIVITY":1756326173}
2025-08-27T22:22:53+02:00 - DEBUG session_has_identity=0 isDevFallback=1 post_role=company post_company=1 post_user_id=2 POST_RAW={"id":"26","dev":"1","user_id":"2","role":"company","company_id":"1"} SESSION_RAW={"LAST_ACTIVITY":1756326173}
2025-08-27T22:22:53+02:00 - Dev fallback used role=company company=1 post_user_id=2
2025-08-27T22:22:53+02:00 - COMPANY direct delete id=26 company=1 affected=1
2025-08-27T22:23:06+02:00 - REQUEST from ::1
POST={"id":"25","dev":"1","user_id":"2","role":"company","company_id":"1"}
SESSION={"LAST_ACTIVITY":1756326186}
2025-08-27T22:23:06+02:00 - DEBUG session_has_identity=0 isDevFallback=1 post_role=company post_company=1 post_user_id=2 POST_RAW={"id":"25","dev":"1","user_id":"2","role":"company","company_id":"1"} SESSION_RAW={"LAST_ACTIVITY":1756326186}
2025-08-27T22:23:06+02:00 - Dev fallback used role=company company=1 post_user_id=2
2025-08-27T22:23:06+02:00 - COMPANY direct delete id=25 company=1 affected=1
2025-08-27T22:25:57+02:00 - REQUEST from ::1
POST={"id":"23","dev":"1","user_id":"2","role":"company","company_id":"1"}
SESSION={"LAST_ACTIVITY":1756326357}
2025-08-27T22:25:57+02:00 - DEBUG session_has_identity=0 isDevFallback=1 post_role=company post_company=1 post_user_id=2 POST_RAW={"id":"23","dev":"1","user_id":"2","role":"company","company_id":"1"} SESSION_RAW={"LAST_ACTIVITY":1756326357}
2025-08-27T22:25:57+02:00 - Dev fallback used role=company company=1 post_user_id=2
2025-08-27T22:25:57+02:00 - COMPANY direct delete id=23 company=1 affected=1
2025-08-27T22:28:10+02:00 - REQUEST from ::1
POST={"id":"24","dev":"1","user_id":"2","role":"company","company_id":"1"}
SESSION={"LAST_ACTIVITY":1756326490}
2025-08-27T22:28:10+02:00 - DEBUG session_has_identity=0 isDevFallback=1 post_role=company post_company=1 post_user_id=2 POST_RAW={"id":"24","dev":"1","user_id":"2","role":"company","company_id":"1"} SESSION_RAW={"LAST_ACTIVITY":1756326490}
2025-08-27T22:28:10+02:00 - Dev fallback used role=company company=1 post_user_id=2
2025-08-27T22:28:10+02:00 - COMPANY direct delete id=24 company=1 affected=0
2025-08-27T22:28:19+02:00 - REQUEST from ::1
POST={"id":"24","dev":"1","user_id":"2","role":"company","company_id":"1"}
SESSION={"LAST_ACTIVITY":1756326499}
2025-08-27T22:28:19+02:00 - DEBUG session_has_identity=0 isDevFallback=1 post_role=company post_company=1 post_user_id=2 POST_RAW={"id":"24","dev":"1","user_id":"2","role":"company","company_id":"1"} SESSION_RAW={"LAST_ACTIVITY":1756326499}
2025-08-27T22:28:19+02:00 - Dev fallback used role=company company=1 post_user_id=2
2025-08-27T22:28:19+02:00 - COMPANY direct delete id=24 company=1 affected=0
2025-08-27T22:31:01+02:00 - REQUEST from ::1
POST={"id":"30","dev":"1","user_id":"2","role":"company","company_id":"1"}
SESSION={"LAST_ACTIVITY":1756326661}
2025-08-27T22:31:01+02:00 - DEBUG session_has_identity=0 isDevFallback=1 post_role=company post_company=1 post_user_id=2 POST_RAW={"id":"30","dev":"1","user_id":"2","role":"company","company_id":"1"} SESSION_RAW={"LAST_ACTIVITY":1756326661}
2025-08-27T22:31:01+02:00 - Dev fallback used role=company company=1 post_user_id=2
2025-08-27T22:31:01+02:00 - COMPANY direct delete id=30 company=1 affected=1
2025-08-27T22:31:08+02:00 - REQUEST from ::1
POST={"id":"24","dev":"1","user_id":"2","role":"company","company_id":"1"}
SESSION={"LAST_ACTIVITY":1756326668}
2025-08-27T22:31:08+02:00 - DEBUG session_has_identity=0 isDevFallback=1 post_role=company post_company=1 post_user_id=2 POST_RAW={"id":"24","dev":"1","user_id":"2","role":"company","company_id":"1"} SESSION_RAW={"LAST_ACTIVITY":1756326668}
2025-08-27T22:31:08+02:00 - Dev fallback used role=company company=1 post_user_id=2
2025-08-27T22:31:08+02:00 - COMPANY direct delete id=24 company=1 affected=0
2025-08-27T22:31:18+02:00 - REQUEST from ::1
POST={"id":"24","dev":"1","user_id":"2","role":"company","company_id":"1"}
SESSION={"LAST_ACTIVITY":1756326678}
2025-08-27T22:31:18+02:00 - DEBUG session_has_identity=0 isDevFallback=1 post_role=company post_company=1 post_user_id=2 POST_RAW={"id":"24","dev":"1","user_id":"2","role":"company","company_id":"1"} SESSION_RAW={"LAST_ACTIVITY":1756326678}
2025-08-27T22:31:18+02:00 - Dev fallback used role=company company=1 post_user_id=2
2025-08-27T22:31:18+02:00 - COMPANY direct delete id=24 company=1 affected=0
2025-08-27T22:33:06+02:00 - REQUEST from ::1
POST={"id":"29","dev":"1","user_id":"2","role":"company","company_id":"1"}
SESSION={"LAST_ACTIVITY":1756326786}
2025-08-27T22:33:06+02:00 - DEBUG session_has_identity=0 isDevFallback=1 post_role=company post_company=1 post_user_id=2 POST_RAW={"id":"29","dev":"1","user_id":"2","role":"company","company_id":"1"} SESSION_RAW={"LAST_ACTIVITY":1756326786}
2025-08-27T22:33:06+02:00 - Dev fallback used role=company company=1 post_user_id=2
2025-08-27T22:33:06+02:00 - COMPANY direct delete id=29 company=1 affected=1
2025-08-27T22:33:14+02:00 - REQUEST from ::1
POST={"id":"24","dev":"1","user_id":"2","role":"company","company_id":"1"}
SESSION={"LAST_ACTIVITY":1756326794}
2025-08-27T22:33:14+02:00 - DEBUG session_has_identity=0 isDevFallback=1 post_role=company post_company=1 post_user_id=2 POST_RAW={"id":"24","dev":"1","user_id":"2","role":"company","company_id":"1"} SESSION_RAW={"LAST_ACTIVITY":1756326794}
2025-08-27T22:33:14+02:00 - Dev fallback used role=company company=1 post_user_id=2
2025-08-27T22:33:14+02:00 - COMPANY direct delete id=24 company=1 affected=0
2025-08-27T22:35:16+02:00 - REQUEST from ::1
POST={"id":"24","dev":"1","user_id":"2","role":"company","company_id":"1"}
SESSION={"LAST_ACTIVITY":1756326916}
2025-08-27T22:35:16+02:00 - DEBUG session_has_identity=0 isDevFallback=1 post_role=company post_company=1 post_user_id=2 POST_RAW={"id":"24","dev":"1","user_id":"2","role":"company","company_id":"1"} SESSION_RAW={"LAST_ACTIVITY":1756326916}
2025-08-27T22:35:16+02:00 - Dev fallback used role=company company=1 post_user_id=2
2025-08-27T22:35:16+02:00 - COMPANY direct delete id=24 company=1 affected=0
2025-08-27T22:37:23+02:00 - REQUEST from ::1
POST={"id":"24"}
SESSION={"LAST_ACTIVITY":1756327043,"user_id":16,"email":"admin2@gmail.com","username":"admin2","role":"admin"}
2025-08-27T22:37:23+02:00 - DEBUG session_has_identity=1 isDevFallback=0 post_role= post_company= post_user_id= POST_RAW={"id":"24"} SESSION_RAW={"LAST_ACTIVITY":1756327043,"user_id":16,"email":"admin2@gmail.com","username":"admin2","role":"admin"}
2025-08-27T22:37:23+02:00 - Session identity used role=admin company=
2025-08-27T22:37:23+02:00 - ADMIN delete id=24 success
2025-08-27T22:37:31+02:00 - REQUEST from ::1
POST={"id":"28"}
SESSION={"LAST_ACTIVITY":1756327051,"user_id":16,"email":"admin2@gmail.com","username":"admin2","role":"admin"}
2025-08-27T22:37:31+02:00 - DEBUG session_has_identity=1 isDevFallback=0 post_role= post_company= post_user_id= POST_RAW={"id":"28"} SESSION_RAW={"LAST_ACTIVITY":1756327051,"user_id":16,"email":"admin2@gmail.com","username":"admin2","role":"admin"}
2025-08-27T22:37:31+02:00 - Session identity used role=admin company=
2025-08-27T22:37:31+02:00 - ADMIN delete id=28 success
2025-08-28T07:53:19+02:00 - REQUEST from ::1
POST={"id":"31","dev":"1","user_id":"15","role":"admin"}
SESSION={"LAST_ACTIVITY":1756360399}
2025-08-28T07:53:19+02:00 - DEBUG session_has_identity=0 isDevFallback=1 post_role=admin post_company= post_user_id=15 POST_RAW={"id":"31","dev":"1","user_id":"15","role":"admin"} SESSION_RAW={"LAST_ACTIVITY":1756360399}
2025-08-28T07:53:19+02:00 - Dev fallback used role=admin company= post_user_id=15
2025-08-28T07:53:19+02:00 - ADMIN delete id=31 success
2025-09-03T13:32:51+02:00 - REQUEST from ::1
POST={"id":"39","dev":"1","user_id":"33","role":"student"}
SESSION={"LAST_ACTIVITY":1756899171}
2025-09-03T13:32:51+02:00 - DEBUG session_has_identity=0 isDevFallback=1 post_role=student post_company= post_user_id=33 POST_RAW={"id":"39","dev":"1","user_id":"33","role":"student"} SESSION_RAW={"LAST_ACTIVITY":1756899171}
2025-09-03T13:32:51+02:00 - Dev fallback used role=student company= post_user_id=33
2025-09-03T13:32:51+02:00 - delete id=39 insufficient_permissions role=student
2025-09-03T13:33:46+02:00 - REQUEST from ::1
POST={"id":"39","dev":"1","user_id":"33","role":"student"}
SESSION={"LAST_ACTIVITY":1756899226}
2025-09-03T13:33:46+02:00 - DEBUG session_has_identity=0 isDevFallback=1 post_role=student post_company= post_user_id=33 POST_RAW={"id":"39","dev":"1","user_id":"33","role":"student"} SESSION_RAW={"LAST_ACTIVITY":1756899226}
2025-09-03T13:33:46+02:00 - Dev fallback used role=student company= post_user_id=33
2025-09-03T13:33:46+02:00 - delete id=39 insufficient_permissions role=student
2025-09-03T13:49:23+02:00 - REQUEST from ::1
POST={"id":"39","dev":"1","user_id":"33","role":"student"}
SESSION={"LAST_ACTIVITY":1756900163}
2025-09-03T13:49:23+02:00 - DEBUG session_has_identity=0 isDevFallback=1 post_role=student post_company= post_user_id=33 POST_RAW={"id":"39","dev":"1","user_id":"33","role":"student"} SESSION_RAW={"LAST_ACTIVITY":1756900163}
2025-09-03T13:49:23+02:00 - Dev fallback used role=student company= post_user_id=33
2025-09-03T13:49:23+02:00 - delete id=39 insufficient_permissions role=student
2025-09-03T14:08:59+02:00 - REQUEST from ::1
POST={"id":"41","dev":"1","user_id":"33","role":"student"}
SESSION={"LAST_ACTIVITY":1756901339}
2025-09-03T14:08:59+02:00 - DEBUG session_has_identity=0 isDevFallback=1 post_role=student post_company= post_user_id=33 POST_RAW={"id":"41","dev":"1","user_id":"33","role":"student"} SESSION_RAW={"LAST_ACTIVITY":1756901339}
2025-09-03T14:08:59+02:00 - Dev fallback used role=student company= post_user_id=33
2025-09-03T14:08:59+02:00 - delete id=41 insufficient_permissions role=student
2025-09-03T14:09:11+02:00 - REQUEST from ::1
POST={"id":"39","dev":"1","user_id":"33","role":"student"}
SESSION={"LAST_ACTIVITY":1756901351}
2025-09-03T14:09:11+02:00 - DEBUG session_has_identity=0 isDevFallback=1 post_role=student post_company= post_user_id=33 POST_RAW={"id":"39","dev":"1","user_id":"33","role":"student"} SESSION_RAW={"LAST_ACTIVITY":1756901351}
2025-09-03T14:09:11+02:00 - Dev fallback used role=student company= post_user_id=33
2025-09-03T14:09:11+02:00 - delete id=39 insufficient_permissions role=student
2025-09-03T14:11:13+02:00 - REQUEST from ::1
POST={"id":"39","dev":"1","user_id":"33","role":"student"}
SESSION={"LAST_ACTIVITY":1756901473}
2025-09-03T14:11:13+02:00 - DEBUG session_has_identity=0 isDevFallback=1 post_role=student post_company= post_user_id=33 POST_RAW={"id":"39","dev":"1","user_id":"33","role":"student"} SESSION_RAW={"LAST_ACTIVITY":1756901473}
2025-09-03T14:11:13+02:00 - Dev fallback used role=student company= post_user_id=33
2025-09-03T14:11:13+02:00 - delete id=39 insufficient_permissions role=student
2025-09-03T14:11:44+02:00 - REQUEST from ::1
POST={"id":"39","dev":"1","user_id":"33","role":"student"}
SESSION={"LAST_ACTIVITY":1756901504}
2025-09-03T14:11:44+02:00 - DEBUG session_has_identity=0 isDevFallback=1 post_role=student post_company= post_user_id=33 POST_RAW={"id":"39","dev":"1","user_id":"33","role":"student"} SESSION_RAW={"LAST_ACTIVITY":1756901504}
2025-09-03T14:11:44+02:00 - Dev fallback used role=student company= post_user_id=33
2025-09-03T14:11:44+02:00 - delete id=39 insufficient_permissions role=student
2025-09-03T14:12:05+02:00 - REQUEST from ::1
POST={"id":"39","dev":"1","user_id":"33","role":"student"}
SESSION={"LAST_ACTIVITY":1756901525}
2025-09-03T14:12:05+02:00 - DEBUG session_has_identity=0 isDevFallback=1 post_role=student post_company= post_user_id=33 POST_RAW={"id":"39","dev":"1","user_id":"33","role":"student"} SESSION_RAW={"LAST_ACTIVITY":1756901525}
2025-09-03T14:12:05+02:00 - Dev fallback used role=student company= post_user_id=33
2025-09-03T14:12:05+02:00 - delete id=39 insufficient_permissions role=student
2025-09-03T14:12:45+02:00 - REQUEST from ::1
POST={"id":"39","dev":"1","user_id":"33","role":"student"}
SESSION={"LAST_ACTIVITY":1756901565}
2025-09-03T14:12:45+02:00 - DEBUG session_has_identity=0 isDevFallback=1 post_role=student post_company= post_user_id=33 POST_RAW={"id":"39","dev":"1","user_id":"33","role":"student"} SESSION_RAW={"LAST_ACTIVITY":1756901565}
2025-09-03T14:12:45+02:00 - Dev fallback used role=student company= post_user_id=33
2025-09-03T14:12:45+02:00 - delete id=39 insufficient_permissions role=student
2025-09-03T14:14:02+02:00 - REQUEST from ::1
POST={"id":"39","dev":"1","user_id":"33","role":"student"}
SESSION={"LAST_ACTIVITY":1756901642}
2025-09-03T14:14:02+02:00 - DEBUG session_has_identity=0 isDevFallback=1 post_role=student post_company= post_user_id=33 POST_RAW={"id":"39","dev":"1","user_id":"33","role":"student"} SESSION_RAW={"LAST_ACTIVITY":1756901642}
2025-09-03T14:14:02+02:00 - Dev fallback used role=student company= post_user_id=33
2025-09-03T14:14:02+02:00 - delete id=39 insufficient_permissions role=student
2025-09-03T14:14:13+02:00 - REQUEST from ::1
POST={"id":"40","dev":"1","user_id":"33","role":"student"}
SESSION={"LAST_ACTIVITY":1756901653}
2025-09-03T14:14:13+02:00 - DEBUG session_has_identity=0 isDevFallback=1 post_role=student post_company= post_user_id=33 POST_RAW={"id":"40","dev":"1","user_id":"33","role":"student"} SESSION_RAW={"LAST_ACTIVITY":1756901653}
2025-09-03T14:14:13+02:00 - Dev fallback used role=student company= post_user_id=33
2025-09-03T14:14:13+02:00 - delete id=40 insufficient_permissions role=student
2025-09-03T14:17:18+02:00 - REQUEST from ::1
POST={"id":"39","dev":"1","user_id":"1","role":"admin"}
SESSION={"LAST_ACTIVITY":1756901838}
2025-09-03T14:17:18+02:00 - DEBUG session_has_identity=0 isDevFallback=1 post_role=admin post_company= post_user_id=1 POST_RAW={"id":"39","dev":"1","user_id":"1","role":"admin"} SESSION_RAW={"LAST_ACTIVITY":1756901838}
2025-09-03T14:17:18+02:00 - Dev fallback used role=admin company= post_user_id=1
2025-09-03T14:17:18+02:00 - ADMIN delete id=39 success
2025-09-03T14:17:51+02:00 - REQUEST from ::1
POST={"id":"34","dev":"1","user_id":"1","role":"admin"}
SESSION={"LAST_ACTIVITY":1756901871}
2025-09-03T14:17:51+02:00 - DEBUG session_has_identity=0 isDevFallback=1 post_role=admin post_company= post_user_id=1 POST_RAW={"id":"34","dev":"1","user_id":"1","role":"admin"} SESSION_RAW={"LAST_ACTIVITY":1756901871}
2025-09-03T14:17:51+02:00 - Dev fallback used role=admin company= post_user_id=1
2025-09-03T14:17:51+02:00 - ADMIN delete id=34 success
2025-09-03T14:18:15+02:00 - REQUEST from ::1
POST={"id":"41","dev":"1","user_id":"1","role":"admin"}
SESSION={"LAST_ACTIVITY":1756901895}
2025-09-03T14:18:15+02:00 - DEBUG session_has_identity=0 isDevFallback=1 post_role=admin post_company= post_user_id=1 POST_RAW={"id":"41","dev":"1","user_id":"1","role":"admin"} SESSION_RAW={"LAST_ACTIVITY":1756901895}
2025-09-03T14:18:15+02:00 - Dev fallback used role=admin company= post_user_id=1
2025-09-03T14:18:15+02:00 - ADMIN delete id=41 success
2025-09-03T14:18:31+02:00 - REQUEST from ::1
POST={"id":"40","dev":"1","user_id":"1","role":"admin"}
SESSION={"LAST_ACTIVITY":1756901911}
2025-09-03T14:18:32+02:00 - DEBUG session_has_identity=0 isDevFallback=1 post_role=admin post_company= post_user_id=1 POST_RAW={"id":"40","dev":"1","user_id":"1","role":"admin"} SESSION_RAW={"LAST_ACTIVITY":1756901911}
2025-09-03T14:18:32+02:00 - Dev fallback used role=admin company= post_user_id=1
2025-09-03T14:18:32+02:00 - ADMIN delete id=40 success
2025-09-03T14:24:45+02:00 - REQUEST from ::1
POST={"id":"48","dev":"1","user_id":"1","role":"admin"}
SESSION={"LAST_ACTIVITY":1756902285}
2025-09-03T14:24:45+02:00 - DEBUG session_has_identity=0 isDevFallback=1 post_role=admin post_company= post_user_id=1 POST_RAW={"id":"48","dev":"1","user_id":"1","role":"admin"} SESSION_RAW={"LAST_ACTIVITY":1756902285}
2025-09-03T14:24:45+02:00 - Dev fallback used role=admin company= post_user_id=1
2025-09-03T14:24:45+02:00 - ADMIN delete id=48 success
2025-09-03T14:25:45+02:00 - REQUEST from ::1
POST={"id":"32"}
SESSION={"LAST_ACTIVITY":1756902345,"user_id":15,"email":"admin1@gmail.com","username":"admin1","role":"admin"}
2025-09-03T14:25:45+02:00 - DEBUG session_has_identity=1 isDevFallback=0 post_role= post_company= post_user_id= POST_RAW={"id":"32"} SESSION_RAW={"LAST_ACTIVITY":1756902345,"user_id":15,"email":"admin1@gmail.com","username":"admin1","role":"admin"}
2025-09-03T14:25:45+02:00 - Session identity used role=admin company=
2025-09-03T14:25:45+02:00 - ADMIN delete id=32 success
2025-09-03T14:25:52+02:00 - REQUEST from ::1
POST={"id":"49"}
SESSION={"LAST_ACTIVITY":1756902352,"user_id":15,"email":"admin1@gmail.com","username":"admin1","role":"admin"}
2025-09-03T14:25:52+02:00 - DEBUG session_has_identity=1 isDevFallback=0 post_role= post_company= post_user_id= POST_RAW={"id":"49"} SESSION_RAW={"LAST_ACTIVITY":1756902352,"user_id":15,"email":"admin1@gmail.com","username":"admin1","role":"admin"}
2025-09-03T14:25:52+02:00 - Session identity used role=admin company=
2025-09-03T14:25:52+02:00 - ADMIN delete id=49 success
2025-09-03T14:26:06+02:00 - REQUEST from ::1
POST={"id":"50"}
SESSION={"LAST_ACTIVITY":1756902366,"user_id":15,"email":"admin1@gmail.com","username":"admin1","role":"admin"}
2025-09-03T14:26:06+02:00 - DEBUG session_has_identity=1 isDevFallback=0 post_role= post_company= post_user_id= POST_RAW={"id":"50"} SESSION_RAW={"LAST_ACTIVITY":1756902366,"user_id":15,"email":"admin1@gmail.com","username":"admin1","role":"admin"}
2025-09-03T14:26:06+02:00 - Session identity used role=admin company=
2025-09-03T14:26:06+02:00 - ADMIN delete id=50 success
2025-09-03T14:26:52+02:00 - REQUEST from ::1
POST={"id":"42"}
SESSION={"LAST_ACTIVITY":1756902412,"user_id":15,"email":"admin1@gmail.com","username":"admin1","role":"admin"}
2025-09-03T14:26:52+02:00 - DEBUG session_has_identity=1 isDevFallback=0 post_role= post_company= post_user_id= POST_RAW={"id":"42"} SESSION_RAW={"LAST_ACTIVITY":1756902412,"user_id":15,"email":"admin1@gmail.com","username":"admin1","role":"admin"}
2025-09-03T14:26:52+02:00 - Session identity used role=admin company=
2025-09-03T14:26:52+02:00 - ADMIN delete id=42 success
2025-09-04T06:30:55+02:00 - REQUEST from ::1
POST={"id":"43"}
SESSION={"LAST_ACTIVITY":1756960255,"user_id":15,"email":"admin1@gmail.com","username":"admin1","role":"admin"}
2025-09-04T06:30:55+02:00 - DEBUG session_has_identity=1 isDevFallback=0 post_role= post_company= post_user_id= POST_RAW={"id":"43"} SESSION_RAW={"LAST_ACTIVITY":1756960255,"user_id":15,"email":"admin1@gmail.com","username":"admin1","role":"admin"}
2025-09-04T06:30:55+02:00 - Session identity used role=admin company=
2025-09-04T06:30:55+02:00 - ADMIN delete id=43 success
