Array
(
    [maintenance_start] => 2025-09-19T11:22
    [maintenance_end] => 2025-09-25T11:22
)
Array
(
    [maintenance_start] => 2025-09-18T11:24
    [maintenance_end] => 2025-09-26T11:24
)
Array
(
    [maintenance_start] => 2025-09-18T11:24
    [maintenance_end] => 2025-09-26T11:24
)
Array
(
    [maintenance_start] => 2025-09-18T11:24
    [maintenance_end] => 2025-09-26T11:24
)
Array
(
    [maintenance_start] => 2025-09-18T11:24
    [maintenance_end] => 2025-09-26T11:24
)
Array
(
    [maintenance_start] => 2025-09-18T11:24
    [maintenance_end] => 2025-09-26T11:24
)
Array
(
    [maintenance_start] => 2025-09-18T11:24
    [maintenance_end] => 2025-09-26T11:24
)
Array
(
    [maintenance_start] => 2025-09-18T11:24
    [maintenance_end] => 2025-09-26T11:24
)
Array
(
    [maintenance_start] => 2025-09-18T11:24
    [maintenance_end] => 2025-09-26T11:24
)
Array
(
    [maintenance_start] => 2025-09-18T11:24
    [maintenance_end] => 2025-09-26T11:24
)
Array
(
    [maintenance_start] => 2025-09-18T11:24
    [maintenance_end] => 2025-09-26T11:24
)
Array
(
    [maintenance_start] => 2025-09-18T11:24
    [maintenance_end] => 2025-09-26T11:24
)
Array
(
    [maintenance_start] => 2025-09-18T13:38
    [maintenance_end] => 2025-09-18T14:13
)
Array
(
    [maintenance_start] => 2025-09-18T10:25
    [maintenance_end] => 2025-09-18T10:30
)
Array
(
    [maintenance_start] => 2025-09-18T10:25
    [maintenance_end] => 2025-09-18T10:30
)
Array
(
    [maintenance_start] => 2025-09-18T10:25
    [maintenance_end] => 2025-09-18T10:30
)
Array
(
    [maintenance_start] => 2025-09-18T10:25
    [maintenance_end] => 2025-09-18T10:30
)
Array
(
    [maintenance_start] => 2025-09-18T10:25
    [maintenance_end] => 2025-09-18T10:30
)
